Executing SQL...
Fetching...
Loaded 149858 GPS points from database
Loaded 204 trajectories from database
Semantic Trajectories statistics: mean - 2,81, min - 1,00, max - 6,00, sd - 1,39
