Executing SQL...
Fetching...
Loaded 102314 GPS points from database
Loaded 337 trajectories from database
Semantic Trajectories statistics: mean - 4,00, min - 4,00, max - 4,00, sd - 0,00
New dataset size: 337
Semantic Trajectories statistics: mean - 4,00, min - 4,00, max - 4,00, sd - 0,00
