Executing SQL...
Fetching...
Loaded 6592407 GPS points from database
Loaded 8939 trajectories from database
Semantic Trajectories statistics: mean - 2,31, min - 1,00, max - 7,00, sd - 1,21
'Spearman' - DescriptiveStatistics:
n: 106
min: -0.523809523809524
max: 1.0
mean: 0.5129839398755942
std dev: 0.3458736638772745
median: 0.5
skewness: -0.24982078812349373
kurtosis: -0.5417340150384269

'Bprefs' - DescriptiveStatistics:
n: 106
min: 0.0
max: 0.8669742406766625
mean: 0.22390678334723527
std dev: 0.2034421342522478
median: 0.1875
skewness: 0.8654019361614166
kurtosis: 0.36617701761015065

'NDCG' - DescriptiveStatistics:
n: 106
min: 0.26215361498596534
max: 0.9544459113264184
mean: 0.5838360386555081
std dev: 0.15768148428670528
median: 0.5765697726262564
skewness: -0.0834996044749977
kurtosis: -0.7598032066663176

Mislabeled trajectories: 1943
Mean ranking error: 1883,7743
