Executing SQL...
Fetching...
Loaded 6592407 GPS points from database
Loaded 8939 trajectories from database
Semantic Trajectories statistics: mean - 2,31, min - 1,00, max - 7,00, sd - 1,21
'Spearman' - DescriptiveStatistics:
n: 106
min: -0.3483907396950876
max: 1.0
mean: 0.3976521016304912
std dev: 0.4022597810520003
median: 0.3597593582887701
skewness: 0.18605400920335408
kurtosis: -1.1381280808573033

'Bprefs' - DescriptiveStatistics:
n: 106
min: 0.0196078431372549
max: 0.5
mean: 0.1676347804180707
std dev: 0.14876811790176467
median: 0.10555555555555556
skewness: 1.1810847476823445
kurtosis: 0.26684521114138926

'NDCG' - DescriptiveStatistics:
n: 106
min: 0.354461904125665
max: 0.6903984879192577
mean: 0.4507144524410823
std dev: 0.09966291643731265
median: 0.40735857192714076
skewness: 1.2092332190682902
kurtosis: 0.24931466890469034

Mislabeled trajectories: 2327
Mean ranking error: 3959,3949
