Executing SQL...
Fetching...
Loaded 6592407 GPS points from database
Loaded 8939 trajectories from database
Semantic Trajectories statistics: mean - 2,31, min - 1,00, max - 7,00, sd - 1,21
'Spearman' - DescriptiveStatistics:
n: 106
min: -0.15454545454545449
max: 1.0
mean: 0.638038747097368
std dev: 0.29383243068242065
median: 0.6607392607392608
skewness: -0.5240589158714851
kurtosis: -0.4158964540364867

'Bprefs' - DescriptiveStatistics:
n: 106
min: 0.09917355371900825
max: 1.0
mean: 0.5916896731638095
std dev: 0.23524307730869312
median: 0.6002640036730946
skewness: -0.10801987252294545
kurtosis: -0.7245236835797657

'NDCG' - DescriptiveStatistics:
n: 106
min: 0.4591026658701865
max: 1.0
mean: 0.82350386908809
std dev: 0.1291442061098837
median: 0.8460812744468473
skewness: -0.8078097601672012
kurtosis: 0.21692566186073137

Mislabeled trajectories: 1449
Mean ranking error: 1677,6360
