Executing SQL...
Fetching...
Loaded 6592407 GPS points from database
Loaded 8939 trajectories from database
Semantic Trajectories statistics: mean - 2,31, min - 1,00, max - 7,00, sd - 1,21
'Spearman' - DescriptiveStatistics:
n: 106
min: 0.009090909090912062
max: 1.0
mean: 0.6924703212740375
std dev: 0.2605915119401851
median: 0.7410190615835777
skewness: -0.6359978978464795
kurtosis: -0.2980248568957369

'Bprefs' - DescriptiveStatistics:
n: 106
min: 0.1572265625
max: 1.0
mean: 0.6446057201105813
std dev: 0.23011604447450368
median: 0.6666666666666666
skewness: -0.30424555657706737
kurtosis: -0.7560367968150241

'NDCG' - DescriptiveStatistics:
n: 106
min: 0.4873216845173098
max: 1.0
mean: 0.8577461531342467
std dev: 0.11727273653297635
median: 0.882905749130368
skewness: -0.9610479161470586
kurtosis: 0.42798789180183316

Mislabeled trajectories: 1342
Mean ranking error: 1506,9050
