Executing SQL...
Fetching...
Loaded 4544 GPS points from database
Loaded 204 trajectories from database
Loaded 204 trajectories (filtered)
Semantic Trajectories statistics: mean - 4,00, min - 4,00, max - 4,00, sd - 0,00
New dataset size: 204
Semantic Trajectories statistics: mean - 4,00, min - 4,00, max - 4,00, sd - 0,00
[204] Elapsed time 326 miliseconds
