Executing SQL...
Fetching...
Loaded 143382 GPS points from database
Loaded 237 trajectories from database
Semantic Trajectories statistics: mean - 604,99, min - 1,00, max - 4226,00, sd - 978,48
MSMMoveEllipsesClassifierTest#validation_accuracy[Dublin bus(lines=2)[STOP_STREET_NAME]]
SLF4J: Failed to load class "org.slf4j.impl.StaticLoggerBinder".
SLF4J: Defaulting to no-operation (NOP) logger implementation
SLF4J: See http://www.slf4j.org/codes.html#StaticLoggerBinder for further details.
1.0
0.9914893617021278
MSMMoveEllipsesClassifierTest#validation_precision_recall[Dublin bus(lines=2)[STOP_STREET_NAME]]
[1.0, 1.0, 1.0, 1.0, 0.0, 0.0]
[0.99, 1.0, 0.9948717948717949, 0.9555555555555555, 0.04444444444444444, 0.01]
MSMMovePointsClassifierTest#validation_accuracy[Dublin bus(lines=2)[STOP_STREET_NAME]]
1.0
1.0
MSMMovePointsClassifierTest#validation_precision_recall[Dublin bus(lines=2)[STOP_STREET_NAME]]
[1.0, 1.0, 1.0, 1.0, 0.0, 0.0]
[1.0, 0.9816067653276956, 0.9906403940886699, 1.0, 0.0, 0.0]
