Executing SQL...
Fetching...
Loaded 143382 GPS points from database
Loaded 237 trajectories from database
Semantic Trajectories statistics: mean - 604,99, min - 1,00, max - 4226,00, sd - 978,48
MSMMoveDistanceClassifierTest#validation_accuracy[Dublin bus(lines=2)]
SLF4J: Failed to load class "org.slf4j.impl.StaticLoggerBinder".
SLF4J: Defaulting to no-operation (NOP) logger implementation
SLF4J: See http://www.slf4j.org/codes.html#StaticLoggerBinder for further details.
1.0
0.9914893617021278
MSMMoveDistanceClassifierTest#validation_precision_recall[Dublin bus(lines=2)]
[1.0, 1.0, 1.0, 1.0, 0.0, 0.0]
[0.99, 1.0, 0.9948717948717949, 0.9555555555555555, 0.04444444444444444, 0.01]
Executing SQL...
Fetching...
Loaded 18107 GPS points from database
Loaded 163 trajectories from database
Semantic Trajectories statistics: mean - 111,09, min - 1,00, max - 646,00, sd - 120,34
MSMMoveDistanceClassifierTest#validation_accuracy[Sergipe tracks]
0.7358490566037735
0.7282142857142857
MSMMoveDistanceClassifierTest#validation_precision_recall[Sergipe tracks]
[0.7777777777777778, 0.7241379310344828, 0.75, 0.75, 0.25, 0.2222222222222222]
[0.8211104684788895, 0.7422245564892624, 0.7730200150889805, 0.7981372549019609, 0.2018627450980392, 0.17888953152111048]
MSMClassifierTest#validation_accuracy[Dublin bus(lines=2)]
0.9102564102564102
0.9035171515414676
MSMClassifierTest#validation_precision_recall[Dublin bus(lines=2)]
[0.9102564102564102, 1.0, 0.953020134228188, 0.0, 1.0, 0.08974358974358974]
[0.902648719062093, 1.0, 0.9468812785696192, 0.0, 1.0, 0.09735128093790707]
MSMClassifierTest#validation_accuracy[Sergipe tracks]
0.5471698113207547
0.47214285714285714
MSMClassifierTest#validation_precision_recall[Sergipe tracks]
[0.5471698113207547, 1.0, 0.7073170731707317, 0.0, 1.0, 0.4528301886792453]
[0.5346428571428572, 1.0, 0.6952820512820513, 0.0, 1.0, 0.46535714285714286]
MSMMoveAngleClassifierTest#validation_accuracy[Dublin bus(lines=2)]
1.0
0.9957446808510639
MSMMoveAngleClassifierTest#validation_precision_recall[Dublin bus(lines=2)]
[1.0, 1.0, 1.0, 1.0, 0.0, 0.0]
[1.0, 1.0, 1.0, 1.0, 0.0, 0.0]
MSMMoveAngleClassifierTest#validation_accuracy[Sergipe tracks]
0.7358490566037735
0.7564285714285715
MSMMoveAngleClassifierTest#validation_precision_recall[Sergipe tracks]
[0.8, 0.6896551724137931, 0.7407407407407408, 0.7916666666666666, 0.20833333333333337, 0.2]
[0.7451754385964912, 0.7350062656641605, 0.7343894364841279, 0.7155966840177366, 0.28440331598226337, 0.25482456140350873]
DTWClassifierTest#validation_accuracy[Dublin bus(lines=2)]
0.9230769230769231
0.8526270082501085
DTWClassifierTest#validation_precision_recall[Dublin bus(lines=2)]
[0.9333333333333333, 0.9859154929577465, 0.9589041095890412, 0.2857142857142857, 0.7142857142857143, 0.06666666666666667]
[0.9143262411347518, 0.9953488372093023, 0.9525417553066251, 0.11666666666666665, 0.8833333333333334, 0.08567375886524822]
DTWClassifierTest#validation_accuracy[Sergipe tracks]
0.660377358490566
0.5903571428571428
DTWClassifierTest#validation_precision_recall[Sergipe tracks]
[0.6896551724137931, 0.6896551724137931, 0.6896551724137931, 0.625, 0.375, 0.3103448275862069]
[0.6334595959595959, 0.3866161616161616, 0.46780980632973035, 0.7550985778926955, 0.24490142210730442, 0.36654040404040406]
EDRClassifierTest#validation_accuracy[Dublin bus(lines=2)]
0.9743589743589743
0.953712548849327
EDRClassifierTest#validation_precision_recall[Dublin bus(lines=2)]
[0.9726027397260274, 1.0, 0.9861111111111112, 0.7142857142857143, 0.2857142857142857, 0.0273972602739726]
[0.9595686899326941, 0.9951219512195122, 0.9768903123223154, 0.65, 0.35, 0.04043131006730603]
EDRClassifierTest#validation_accuracy[Sergipe tracks]
0.41509433962264153
0.5216071428571428
EDRClassifierTest#validation_precision_recall[Sergipe tracks]
[0.3333333333333333, 0.06896551724137931, 0.1142857142857143, 0.8333333333333334, 0.16666666666666663, 0.6666666666666666]
[0.6628571428571429, 0.2318326118326118, 0.3323105590062112, 0.8724771960066077, 0.12752280399339225, 0.33714285714285713]
ERPClassifierTest#validation_accuracy[Dublin bus(lines=2)]
0.9102564102564102
0.31706469821971345
ERPClassifierTest#validation_precision_recall[Dublin bus(lines=2)]
[0.9102564102564102, 1.0, 0.953020134228188, 0.0, 1.0, 0.08974358974358974]
[0.902301346070343, 1.0, 0.9479764585061421, 0.0, 1.0, 0.09769865392965697]
ERPClassifierTest#validation_accuracy[Sergipe tracks]
0.32075471698113206
0.49821428571428567
ERPClassifierTest#validation_precision_recall[Sergipe tracks]
[0.18181818181818182, 0.06896551724137931, 0.1, 0.625, 0.375, 0.8181818181818182]
[0.86, 0.03529411764705882, 0.044444444444444446, 0.9066666666666666, 0.09333333333333334, 0.13999999999999999]
LCSSClassifierTest#validation_accuracy[Dublin bus(lines=2)]
0.9871794871794872
0.9874077290490664
LCSSClassifierTest#validation_precision_recall[Dublin bus(lines=2)]
[0.9861111111111112, 1.0, 0.993006993006993, 0.8571428571428571, 0.1428571428571429, 0.013888888888888888]
[0.9857142857142858, 1.0, 0.9925925925925926, 0.925, 0.075, 0.014285714285714285]
LCSSClassifierTest#validation_accuracy[Sergipe tracks]
0.4716981132075472
0.5117857142857143
LCSSClassifierTest#validation_precision_recall[Sergipe tracks]
[0.5185185185185185, 0.4827586206896552, 0.5, 0.4583333333333333, 0.5416666666666667, 0.48148148148148145]
[0.6112781954887219, 0.5643107769423559, 0.5840837214651257, 0.6014160839160839, 0.3985839160839161, 0.3887218045112782]
MSTPClassifierTest#validation_accuracy[Dublin bus(lines=2)]
0.9102564102564102
0.9026487190620929
MSTPClassifierTest#validation_precision_recall[Dublin bus(lines=2)]
[0.9102564102564102, 1.0, 0.953020134228188, 0.0, 1.0, 0.08974358974358974]
[0.9033434650455927, 1.0, 0.9489067595271796, 0.0, 1.0, 0.09665653495440729]
MSTPClassifierTest#validation_accuracy[Sergipe tracks]
0.5471698113207547
0.5335714285714286
MSTPClassifierTest#validation_precision_recall[Sergipe tracks]
[0.5471698113207547, 1.0, 0.7073170731707317, 0.0, 1.0, 0.4528301886792453]
[0.925, 0.2, 0.15384615384615385, 0.8, 0.2, 0.075]
HCSSClassifierTest#validation_accuracy[Dublin bus(lines=2)]
0.9743589743589743
0.953365175857577
HCSSClassifierTest#validation_precision_recall[Dublin bus(lines=2)]
[0.9726027397260274, 1.0, 0.9861111111111112, 0.7142857142857143, 0.2857142857142857, 0.0273972602739726]
[0.9680632411067194, 0.9822222222222223, 0.9743312434841768, 0.7055555555555555, 0.29444444444444445, 0.03193675889328064]
HCSSClassifierTest#validation_accuracy[Sergipe tracks]
0.37735849056603776
0.4107142857142857
HCSSClassifierTest#validation_precision_recall[Sergipe tracks]
[0.4411764705882353, 0.5172413793103449, 0.47619047619047616, 0.20833333333333334, 0.7916666666666666, 0.5588235294117647]
[0.6099067599067599, 0.4444444444444445, 0.49939123242349054, 0.6481232492997199, 0.3518767507002801, 0.3900932400932401]
CVTIClassifierTest#validation_accuracy[Dublin bus(lines=2)]
0.9102564102564102
0.7368649587494571
CVTIClassifierTest#validation_precision_recall[Dublin bus(lines=2)]
[0.9102564102564102, 1.0, 0.953020134228188, 0.0, 1.0, 0.08974358974358974]
[0.902648719062093, 1.0, 0.9484272935302684, 0.0, 1.0, 0.09735128093790707]
CVTIClassifierTest#validation_accuracy[Sergipe tracks]
0.5471698113207547
0.46749999999999997
CVTIClassifierTest#validation_precision_recall[Sergipe tracks]
[0.5471698113207547, 1.0, 0.7073170731707317, 0.0, 1.0, 0.4528301886792453]
[0.5971428571428572, 0.8, 0.5291002965288679, 0.2, 0.8, 0.40285714285714286]
wDFClassifierTest#validation_accuracy[Dublin bus(lines=2)]
0.9615384615384616
0.9446808510638298
wDFClassifierTest#validation_precision_recall[Dublin bus(lines=2)]
[0.9722222222222222, 0.9859154929577465, 0.979020979020979, 0.7142857142857143, 0.2857142857142857, 0.027777777777777776]
[0.9549313151739846, 0.990909090909091, 0.9724477996850766, 0.5533333333333333, 0.44666666666666666, 0.04506868482601546]
wDFClassifierTest#validation_accuracy[Sergipe tracks]
0.7169811320754716
0.6928571428571428
wDFClassifierTest#validation_precision_recall[Sergipe tracks]
[0.7333333333333333, 0.7586206896551724, 0.7457627118644068, 0.6666666666666666, 0.33333333333333337, 0.26666666666666666]
[0.6866459627329192, 0.784047619047619, 0.7251430424249945, 0.6041478449087144, 0.3958521550912855, 0.3133540372670807]
SWALEClassifierTest#validation_accuracy[Dublin bus(lines=2)]
0.9102564102564102
0.8689535388623535
SWALEClassifierTest#validation_precision_recall[Dublin bus(lines=2)]
[0.9210526315789473, 0.9859154929577465, 0.9523809523809524, 0.14285714285714285, 0.8571428571428572, 0.07894736842105263]
[0.9454576156703816, 0.967316568196738, 0.9555610614038745, 0.579047619047619, 0.42095238095238086, 0.05454238432961837]
SWALEClassifierTest#validation_accuracy[Sergipe tracks]
0.6981132075471698
0.6621428571428571
SWALEClassifierTest#validation_precision_recall[Sergipe tracks]
[0.76, 0.6551724137931034, 0.7037037037037037, 0.75, 0.25, 0.24]
[0.7911764705882354, 0.6930438061512231, 0.731993625677923, 0.7722117794486215, 0.22778822055137846, 0.20882352941176469]
LiuSchneiderClassifierTest#validation_accuracy[Dublin bus(lines=2)]
0.9102564102564102
0.31385149804602686
LiuSchneiderClassifierTest#validation_precision_recall[Dublin bus(lines=2)]
[0.9102564102564102, 1.0, 0.953020134228188, 0.0, 1.0, 0.08974358974358974]
[0.9035171515414676, 1.0, 0.9487108855865654, 0.0, 1.0, 0.09648284845853235]
LiuSchneiderClassifierTest#validation_accuracy[Sergipe tracks]
0.37735849056603776
0.39089285714285715
LiuSchneiderClassifierTest#validation_precision_recall[Sergipe tracks]
[0.0, 0.0, 0.0, 0.8333333333333334, 0.16666666666666663, 1.0]
[0.11333333333333333, 0.03413742690058479, 0.052380952380952375, 0.7625080801551389, 0.237491919844861, 0.8866666666666667]
MSMMoveEllipsesClassifierTest#validation_accuracy[Dublin bus(lines=2)]
1.0
1.0
MSMMoveEllipsesClassifierTest#validation_precision_recall[Dublin bus(lines=2)]
[1.0, 1.0, 1.0, 1.0, 0.0, 0.0]
[1.0, 1.0, 1.0, 1.0, 0.0, 0.0]
MSMMoveEllipsesClassifierTest#validation_accuracy[Sergipe tracks]
0.7358490566037735
0.7521428571428571
MSMMoveEllipsesClassifierTest#validation_precision_recall[Sergipe tracks]
[0.7777777777777778, 0.7241379310344828, 0.75, 0.75, 0.25, 0.2222222222222222]
[0.6397203751065643, 0.8082539682539682, 0.7001287001287, 0.47193362193362187, 0.5280663780663781, 0.3602796248934356]
MSMMovePointsClassifierTest#validation_accuracy[Dublin bus(lines=2)]
1.0
1.0
MSMMovePointsClassifierTest#validation_precision_recall[Dublin bus(lines=2)]
[1.0, 1.0, 1.0, 1.0, 0.0, 0.0]
[1.0, 1.0, 1.0, 1.0, 0.0, 0.0]
MSMMovePointsClassifierTest#validation_accuracy[Sergipe tracks]
0.7358490566037735
0.7532142857142857
MSMMovePointsClassifierTest#validation_precision_recall[Sergipe tracks]
[0.7777777777777778, 0.7241379310344828, 0.75, 0.75, 0.25, 0.2222222222222222]
[0.8041896184311044, 0.8221491228070175, 0.8065800865800865, 0.7589285714285714, 0.24107142857142855, 0.1958103815688955]
DTWaClassifierTest#validation_accuracy[Dublin bus(lines=2)]
0.9230769230769231
0.8517585757707338
DTWaClassifierTest#validation_precision_recall[Dublin bus(lines=2)]
[0.9333333333333333, 0.9859154929577465, 0.9589041095890412, 0.2857142857142857, 0.7142857142857143, 0.06666666666666667]
[0.9171861471861472, 0.9394638694638695, 0.9278270891792783, 0.19666666666666666, 0.8033333333333335, 0.08281385281385281]
DTWaClassifierTest#validation_accuracy[Sergipe tracks]
0.6415094339622641
0.53
DTWaClassifierTest#validation_precision_recall[Sergipe tracks]
[0.65625, 0.7241379310344828, 0.6885245901639345, 0.5416666666666666, 0.45833333333333337, 0.34375]
[0.6144298245614035, 0.5699509803921569, 0.5846167557932264, 0.5983467023172906, 0.40165329768270935, 0.38557017543859645]
