Executing SQL...
Fetching...
Loaded 143382 GPS points from database
Loaded 237 trajectories from database
Semantic Trajectories statistics: mean - 604,99, min - 1,00, max - 4226,00, sd - 978,48
MSMMoveDistanceClassifierTest#validation_accuracy[Dublin bus(lines=2)[STOP_STREET_NAME]]
SLF4J: Failed to load class "org.slf4j.impl.StaticLoggerBinder".
SLF4J: Defaulting to no-operation (NOP) logger implementation
SLF4J: See http://www.slf4j.org/codes.html#StaticLoggerBinder for further details.
1.0
0.9914893617021278
MSMMoveDistanceClassifierTest#validation_precision_recall[Dublin bus(lines=2)[STOP_STREET_NAME]]
[1.0, 1.0, 1.0, 1.0, 0.0, 0.0]
[0.99, 1.0, 0.9948717948717949, 0.9555555555555555, 0.04444444444444444, 0.01]
MSMClassifierTest#validation_accuracy[Dublin bus(lines=2)[STOP_STREET_NAME]]
0.9102564102564102
0.9033434650455927
MSMClassifierTest#validation_precision_recall[Dublin bus(lines=2)[STOP_STREET_NAME]]
[0.9102564102564102, 1.0, 0.953020134228188, 0.0, 1.0, 0.08974358974358974]
[0.9029960920538429, 1.0, 0.9485669585894643, 0.0, 1.0, 0.09700390794615718]
MSMMoveAngleClassifierTest#validation_accuracy[Dublin bus(lines=2)[STOP_STREET_NAME]]
1.0
1.0
MSMMoveAngleClassifierTest#validation_precision_recall[Dublin bus(lines=2)[STOP_STREET_NAME]]
[1.0, 1.0, 1.0, 1.0, 0.0, 0.0]
[1.0, 1.0, 1.0, 1.0, 0.0, 0.0]
DTWClassifierTest#validation_accuracy[Dublin bus(lines=2)[STOP_STREET_NAME]]
0.8461538461538461
0.7629179331306991
DTWClassifierTest#validation_precision_recall[Dublin bus(lines=2)[STOP_STREET_NAME]]
[0.9041095890410958, 0.9295774647887324, 0.9166666666666666, 0.0, 1.0, 0.0958904109589041]
[0.8957781158149848, 0.916012617873083, 0.9046918751316093, 0.0, 1.0, 0.10422188418501521]
EDRClassifierTest#validation_accuracy[Dublin bus(lines=2)[STOP_STREET_NAME]]
0.9743589743589743
0.9618758141554494
EDRClassifierTest#validation_precision_recall[Dublin bus(lines=2)[STOP_STREET_NAME]]
[0.9726027397260274, 1.0, 0.9861111111111112, 0.7142857142857143, 0.2857142857142857, 0.0273972602739726]
[0.9555071942234992, 1.0, 0.9771986827520207, 0.5533333333333333, 0.44666666666666666, 0.04449280577650089]
ERPClassifierTest#validation_accuracy[Dublin bus(lines=2)[STOP_STREET_NAME]]
0.9102564102564102
0.9029960920538429
ERPClassifierTest#validation_precision_recall[Dublin bus(lines=2)[STOP_STREET_NAME]]
[0.9102564102564102, 1.0, 0.953020134228188, 0.0, 1.0, 0.08974358974358974]
[0.8977539178147081, 0.8454545454545455, 0.8282180691804533, 0.13333333333333333, 0.8666666666666668, 0.10224608218529192]
LCSSClassifierTest#validation_accuracy[Dublin bus(lines=2)[STOP_STREET_NAME]]
0.9871794871794872
0.9872340425531915
LCSSClassifierTest#validation_precision_recall[Dublin bus(lines=2)[STOP_STREET_NAME]]
[0.9861111111111112, 1.0, 0.993006993006993, 0.8571428571428571, 0.1428571428571429, 0.013888888888888888]
[0.9820784729586427, 1.0, 0.990789291163823, 0.8714285714285716, 0.1285714285714286, 0.017921527041357372]
MSTPClassifierTest#validation_accuracy[Dublin bus(lines=2)[STOP_STREET_NAME]]
0.9102564102564102
0.9029960920538427
MSTPClassifierTest#validation_precision_recall[Dublin bus(lines=2)[STOP_STREET_NAME]]
[0.9102564102564102, 1.0, 0.953020134228188, 0.0, 1.0, 0.08974358974358974]
[0.902301346070343, 1.0, 0.9480849827254761, 0.0, 1.0, 0.09769865392965696]
HCSSClassifierTest#validation_accuracy[Dublin bus(lines=2)[STOP_STREET_NAME]]
0.9743589743589743
0.9703864524533218
HCSSClassifierTest#validation_precision_recall[Dublin bus(lines=2)[STOP_STREET_NAME]]
[0.9726027397260274, 1.0, 0.9861111111111112, 0.7142857142857143, 0.2857142857142857, 0.0273972602739726]
[0.9681633320055969, 1.0, 0.9837889980618888, 0.6580952380952381, 0.34190476190476193, 0.03183666799440308]
CVTIClassifierTest#validation_accuracy[Dublin bus(lines=2)[STOP_STREET_NAME]]
0.9102564102564102
0.9033434650455927
CVTIClassifierTest#validation_precision_recall[Dublin bus(lines=2)[STOP_STREET_NAME]]
[0.9102564102564102, 1.0, 0.953020134228188, 0.0, 1.0, 0.08974358974358974]
[0.9029960920538429, 1.0, 0.9487912119922772, 0.0, 1.0, 0.09700390794615718]
wDFClassifierTest#validation_accuracy[Dublin bus(lines=2)[STOP_STREET_NAME]]
0.9615384615384616
0.9448545375597048
wDFClassifierTest#validation_precision_recall[Dublin bus(lines=2)[STOP_STREET_NAME]]
[0.9722222222222222, 0.9859154929577465, 0.979020979020979, 0.7142857142857143, 0.2857142857142857, 0.027777777777777776]
[0.9464012683933947, 0.9861047273086714, 0.965419259146332, 0.49333333333333335, 0.5066666666666666, 0.05359873160660546]
SWALEClassifierTest#validation_accuracy[Dublin bus(lines=2)[STOP_STREET_NAME]]
0.9102564102564102
0.8308293530178028
SWALEClassifierTest#validation_precision_recall[Dublin bus(lines=2)[STOP_STREET_NAME]]
[0.9210526315789473, 0.9859154929577465, 0.9523809523809524, 0.14285714285714285, 0.8571428571428572, 0.07894736842105263]
[0.9327693517582294, 0.9717301939253158, 0.9516841189213959, 0.35333333333333333, 0.6466666666666667, 0.06723064824177058]
LiuSchneiderClassifierTest#validation_accuracy[Dublin bus(lines=2)[STOP_STREET_NAME]]
0.9102564102564102
0.9029960920538427
LiuSchneiderClassifierTest#validation_precision_recall[Dublin bus(lines=2)[STOP_STREET_NAME]]
[0.9102564102564102, 1.0, 0.953020134228188, 0.0, 1.0, 0.08974358974358974]
[0.9024750325662179, 1.0, 0.9483805803090964, 0.0, 1.0, 0.09752496743378201]
MSMMoveEllipsesClassifierTest#validation_accuracy[Dublin bus(lines=2)[STOP_STREET_NAME]]
MSMMoveEllipsesClassifierTest#validation_precision_recall[Dublin bus(lines=2)[STOP_STREET_NAME]]
MSMMovePointsClassifierTest#validation_accuracy[Dublin bus(lines=2)[STOP_STREET_NAME]]
MSMMovePointsClassifierTest#validation_precision_recall[Dublin bus(lines=2)[STOP_STREET_NAME]]
DTWaClassifierTest#validation_accuracy[Dublin bus(lines=2)[STOP_STREET_NAME]]
0.9358974358974359
0.911506730351715
DTWaClassifierTest#validation_precision_recall[Dublin bus(lines=2)[STOP_STREET_NAME]]
[0.9342105263157895, 1.0, 0.9659863945578232, 0.2857142857142857, 0.7142857142857143, 0.06578947368421052]
[0.9310245310245311, 0.5932153471852486, 0.7043230246083197, 0.6561904761904762, 0.34380952380952384, 0.06897546897546898]
