Executing SQL...
Fetching...
Loaded 45578 GPS points from database
Loaded 347 trajectories from database
Semantic Trajectories statistics: mean - 12,03, min - 1,00, max - 25,00, sd - 5,49
MSMClassifierTest#validation_accuracy[New York bus(lines=2)[STOP_STREET_NAME][onlyStops=true]]
SLF4J: Failed to load class "org.slf4j.impl.StaticLoggerBinder".
SLF4J: Defaulting to no-operation (NOP) logger implementation
SLF4J: See http://www.slf4j.org/codes.html#StaticLoggerBinder for further details.
0.5565217391304348
0.45793018983466016
Executing SQL...
Fetching...
Loaded 45578 GPS points from database
Loaded 347 trajectories from database
Semantic Trajectories statistics: mean - 12,03, min - 1,00, max - 25,00, sd - 5,49
MSMClassifierTest#validation_precision_recall[New York bus(lines=2)[STOP_STREET_NAME][onlyStops=true]]
[0.5565217391304348, 1.0, 0.7150837988826816, 0.0, 1.0, 0.4434782608695652]
[0.8985507246376813, 0.2, 0.13203883495145632, 0.8, 0.2, 0.10144927536231885]
Executing SQL...
Fetching...
Loaded 143382 GPS points from database
Loaded 237 trajectories from database
Semantic Trajectories statistics: mean - 230,87, min - 1,00, max - 1210,00, sd - 339,88
MSMClassifierTest#validation_accuracy[Dublin bus(lines=2)[STOP_STREET_NAME][onlyStops=true]]
0.9102564102564102
0.9028224055579679
Executing SQL...
Fetching...
Loaded 143382 GPS points from database
Loaded 237 trajectories from database
Semantic Trajectories statistics: mean - 230,87, min - 1,00, max - 1210,00, sd - 339,88
MSMClassifierTest#validation_precision_recall[Dublin bus(lines=2)[STOP_STREET_NAME][onlyStops=true]]
[0.9102564102564102, 1.0, 0.953020134228188, 0.0, 1.0, 0.08974358974358974]
[0.9029960920538429, 1.0, 0.9487378695793843, 0.0, 1.0, 0.09700390794615718]
Executing SQL...
Fetching...
Loaded 15718 GPS points from database
Loaded 526 trajectories from database
Loaded 526 trajectories (filtered)
Semantic Trajectories statistics: mean - 29,01, min - 9,00, max - 142,00, sd - 16,42
MSMClassifierTest#validation_accuracy[San Francisco cab (Airport <-> Mall)[STOP_STREET_NAME][onlyStops=true]]
0.6551724137931034
0.4526684636118598
Executing SQL...
Fetching...
Loaded 15718 GPS points from database
Loaded 526 trajectories from database
Loaded 526 trajectories (filtered)
Semantic Trajectories statistics: mean - 29,01, min - 9,00, max - 142,00, sd - 16,42
MSMClassifierTest#validation_precision_recall[San Francisco cab (Airport <-> Mall)[STOP_STREET_NAME][onlyStops=true]]
[0.6551724137931034, 1.0, 0.7916666666666666, 0.0, 1.0, 0.3448275862068966]
[0.9295238095238094, 0.2, 0.15722543352601157, 0.8, 0.2, 0.07047619047619048]
Executing SQL...
Fetching...
Loaded 177327 GPS points from database
Loaded 379 trajectories from database
Semantic Trajectories statistics: mean - 75,16, min - 1,00, max - 202,00, sd - 47,12
MSMClassifierTest#validation_accuracy[Patel's Vehicle_urban[STOP_STREET_NAME][onlyStops=true]]
0.328
0.35250632911392404
Executing SQL...
Fetching...
Loaded 177327 GPS points from database
Loaded 379 trajectories from database
Semantic Trajectories statistics: mean - 75,16, min - 1,00, max - 202,00, sd - 47,12
MSMClassifierTest#validation_precision_recall[Patel's Vehicle_urban[STOP_STREET_NAME][onlyStops=true]]
[0.328, 1.0, 0.4939759036144578, 0.0, 1.0, 0.672]
[1.0, 0.0, 0.0, 1.0, 0.0, 0.0]
Executing SQL...
Fetching...
Loaded 141663 GPS points from database
Loaded 38 trajectories from database
Semantic Trajectories statistics: mean - 33,66, min - 9,00, max - 134,00, sd - 23,88
MSMClassifierTest#validation_accuracy[Pisa [STOP_STREET_NAME][onlyStops=true](Users [])]
0.25
0.18285714285714283
Executing SQL...
Fetching...
Loaded 141663 GPS points from database
Loaded 38 trajectories from database
Semantic Trajectories statistics: mean - 33,66, min - 9,00, max - 134,00, sd - 23,88
MSMClassifierTest#validation_precision_recall[Pisa [STOP_STREET_NAME][onlyStops=true](Users [])]
[1.0, 0.0, 0.0, 1.0, 0.0, 0.0]
[1.0, 0.0, 0.0, 1.0, 0.0, 0.0]
Executing SQL...
Fetching...
Loaded 19879 GPS points from database
Loaded 7 trajectories from database
Semantic Trajectories statistics: mean - 34,71, min - 14,00, max - 74,00, sd - 18,85
MSMClassifierTest#validation_accuracy[Pisa [STOP_STREET_NAME][onlyStops=true](Users [4, 6])]
0.0
0.3333333333333333
Executing SQL...
Fetching...
Loaded 19879 GPS points from database
Loaded 7 trajectories from database
Semantic Trajectories statistics: mean - 34,71, min - 14,00, max - 74,00, sd - 18,85
MSMClassifierTest#validation_precision_recall[Pisa [STOP_STREET_NAME][onlyStops=true](Users [4, 6])]
[1.0, 0.0, 0.0, 0.0, 0.0, 0.0]
[0.5333333333333333, 1.0, 0.5599999999999999, 0.0, 0.6, 0.4666666666666667]
Executing SQL...
Fetching...
Loaded 67051 GPS points from database
Loaded 17 trajectories from database
Semantic Trajectories statistics: mean - 30,59, min - 9,00, max - 69,00, sd - 17,19
MSMClassifierTest#validation_accuracy[Pisa [STOP_STREET_NAME][onlyStops=true](Users [2, 3])]
0.2
0.6133333333333333
Executing SQL...
Fetching...
Loaded 67051 GPS points from database
Loaded 17 trajectories from database
Semantic Trajectories statistics: mean - 30,59, min - 9,00, max - 69,00, sd - 17,19
MSMClassifierTest#validation_precision_recall[Pisa [STOP_STREET_NAME][onlyStops=true](Users [2, 3])]
[1.0, 0.0, 0.0, 1.0, 0.0, 0.0]
[1.0, 0.0, 0.0, 1.0, 0.0, 0.0]
MSMClassifierTest#validation_accuracy[Prototype[STOP_NAME]]
0.3333333333333333
0.2
MSMClassifierTest#validation_precision_recall[Prototype[STOP_NAME]]
[0.4, 0.6666666666666666, 0.5, 0.0, 1.0, 0.6]
[0.5, 0.8, 0.3333333333333333, 0.0, 0.6, 0.5]
