Executing SQL...
Fetching...
Loaded 15718 GPS points from database
Loaded 526 trajectories from database
Loaded 526 trajectories (filtered)
Semantic Trajectories statistics: mean - 29,01, min - 9,00, max - 142,00, sd - 16,42
MSMMoveDistanceClassifierTest#validation_accuracy[San Francisco cab (Airport <-> Mall)]
SLF4J: Failed to load class "org.slf4j.impl.StaticLoggerBinder".
SLF4J: Defaulting to no-operation (NOP) logger implementation
SLF4J: See http://www.slf4j.org/codes.html#StaticLoggerBinder for further details.
0.7816091954022989
0.752848158131177
MSMMoveDistanceClassifierTest#validation_precision_recall[San Francisco cab (Airport <-> Mall)]
[0.8518518518518519, 0.8070175438596491, 0.8288288288288288, 0.7333333333333333, 0.2666666666666667, 0.14814814814814814]
[0.8415296998083883, 0.7507616526731841, 0.7922637971057291, 0.7684842184842184, 0.2315157815157815, 0.15847030019161168]
Executing SQL...
Fetching...
Loaded 177327 GPS points from database
Loaded 379 trajectories from database
Semantic Trajectories statistics: mean - 75,16, min - 1,00, max - 202,00, sd - 47,12
MSMMoveDistanceClassifierTest#validation_accuracy[Patel's Vehicle_urban[STOP_STREET_NAME]]
1.0
0.9922700421940929
MSMMoveDistanceClassifierTest#validation_precision_recall[Patel's Vehicle_urban[STOP_STREET_NAME]]
[1.0, 1.0, 1.0, 1.0, 0.0, 0.0]
[0.9966101694915255, 0.9966666666666667, 0.9966099260216907, 0.9882352941176471, 0.011764705882352944, 0.003389830508474576]
MSMClassifierTest#validation_accuracy[San Francisco cab (Airport <-> Mall)]
0.6551724137931034
0.6254088050314466
MSMClassifierTest#validation_precision_recall[San Francisco cab (Airport <-> Mall)]
[0.6551724137931034, 1.0, 0.7916666666666666, 0.0, 1.0, 0.3448275862068966]
[0.6254447439353099, 1.0, 0.768108645783889, 0.0, 1.0, 0.37455525606469003]
MSMClassifierTest#validation_accuracy[Patel's Vehicle_urban[STOP_STREET_NAME]]
0.704
0.720168776371308
MSMClassifierTest#validation_precision_recall[Patel's Vehicle_urban[STOP_STREET_NAME]]
[0.704, 1.0, 0.8262910798122065, 0.0, 1.0, 0.296]
[0.952, 0.2, 0.17272727272727273, 0.8, 0.2, 0.048]
MSMMoveAngleClassifierTest#validation_accuracy[San Francisco cab (Airport <-> Mall)]
0.7816091954022989
0.7662893081761006
MSMMoveAngleClassifierTest#validation_precision_recall[San Francisco cab (Airport <-> Mall)]
[0.8518518518518519, 0.8070175438596491, 0.8288288288288288, 0.7333333333333333, 0.2666666666666667, 0.14814814814814814]
[0.8367613478139795, 0.7628951172991053, 0.7962705354571996, 0.7431385118149825, 0.2568614881850176, 0.1632386521860206]
MSMMoveAngleClassifierTest#validation_accuracy[Patel's Vehicle_urban[STOP_STREET_NAME]]
1.0
0.9973333333333333
MSMMoveAngleClassifierTest#validation_precision_recall[Patel's Vehicle_urban[STOP_STREET_NAME]]
[1.0, 1.0, 1.0, 1.0, 0.0, 0.0]
[0.9925925925925926, 1.0, 0.9962264150943396, 0.9826086956521738, 0.017391304347826098, 0.007407407407407407]
DTWClassifierTest#validation_accuracy[San Francisco cab (Airport <-> Mall)]
0.6551724137931034
0.42221024258760104
DTWClassifierTest#validation_precision_recall[San Francisco cab (Airport <-> Mall)]
[0.6551724137931034, 1.0, 0.7916666666666666, 0.0, 1.0, 0.3448275862068966]
[0.6255525606469002, 1.0, 0.7694303644579927, 0.0, 1.0, 0.37444743935309976]
DTWClassifierTest#validation_accuracy[Patel's Vehicle_urban[STOP_STREET_NAME]]
0.68
0.6937721518987342
DTWClassifierTest#validation_precision_recall[Patel's Vehicle_urban[STOP_STREET_NAME]]
[0.7222222222222222, 0.8863636363636364, 0.7959183673469388, 0.1891891891891892, 0.8108108108108107, 0.2777777777777778]
[0.7577954146380397, 0.9136957087420381, 0.8262609649122806, 0.2560366433324691, 0.743963356667531, 0.24220458536196027]
EDRClassifierTest#validation_accuracy[San Francisco cab (Airport <-> Mall)]
0.7758620689655172
0.7946630727762802
EDRClassifierTest#validation_precision_recall[San Francisco cab (Airport <-> Mall)]
[0.8260869565217391, 0.8333333333333334, 0.8296943231441049, 0.6666666666666666, 0.33333333333333337, 0.17391304347826086]
[0.8393688525638565, 0.8814195033334629, 0.8592578926931356, 0.7163671913671914, 0.28363280863280865, 0.1606311474361434]
EDRClassifierTest#validation_accuracy[Patel's Vehicle_urban[STOP_STREET_NAME]]
0.712
0.7211139240506329
EDRClassifierTest#validation_precision_recall[Patel's Vehicle_urban[STOP_STREET_NAME]]
[0.7096774193548387, 1.0, 0.8301886792452831, 0.02702702702702703, 0.972972972972973, 0.2903225806451613]
[0.7222497434143004, 1.0, 0.8377135854341736, 0.009523809523809523, 0.9904761904761905, 0.27775025658569963]
ERPClassifierTest#validation_accuracy[San Francisco cab (Airport <-> Mall)]
0.6551724137931034
0.37457322551662176
ERPClassifierTest#validation_precision_recall[San Francisco cab (Airport <-> Mall)]
[0.6551724137931034, 1.0, 0.7916666666666666, 0.0, 1.0, 0.3448275862068966]
[0.6256424079065588, 1.0, 0.7686979086693222, 0.0, 1.0, 0.3743575920934411]
ERPClassifierTest#validation_accuracy[Patel's Vehicle_urban[STOP_STREET_NAME]]
0.824
0.7572320675105486
ERPClassifierTest#validation_precision_recall[Patel's Vehicle_urban[STOP_STREET_NAME]]
[0.8173076923076923, 0.9659090909090909, 0.8854166666666666, 0.4864864864864865, 0.5135135135135135, 0.18269230769230768]
[0.7830838726921574, 0.9068530728530728, 0.8383428734741036, 0.35846790890269153, 0.6415320910973085, 0.21691612730784265]
LCSSClassifierTest#validation_accuracy[San Francisco cab (Airport <-> Mall)]
0.7988505747126436
0.8041689128481583
LCSSClassifierTest#validation_precision_recall[San Francisco cab (Airport <-> Mall)]
[0.8495575221238938, 0.8421052631578947, 0.8458149779735682, 0.7166666666666667, 0.2833333333333333, 0.1504424778761062]
[0.8521414827785698, 0.854535096596803, 0.8519115412879742, 0.753160170233341, 0.24683982976665905, 0.1478585172214302]
LCSSClassifierTest#validation_accuracy[Patel's Vehicle_urban[STOP_STREET_NAME]]
0.968
0.9737383966244726
LCSSClassifierTest#validation_precision_recall[Patel's Vehicle_urban[STOP_STREET_NAME]]
[0.9565217391304348, 1.0, 0.9777777777777777, 0.8918918918918919, 0.10810810810810811, 0.043478260869565216]
[0.9674135437714158, 0.9962962962962962, 0.9815454337431389, 0.9187204374572795, 0.08127956254272047, 0.032586456228584276]
MSTPClassifierTest#validation_accuracy[San Francisco cab (Airport <-> Mall)]
0.6609195402298851
0.5893441150044924
MSTPClassifierTest#validation_precision_recall[San Francisco cab (Airport <-> Mall)]
[0.6751592356687898, 0.9298245614035088, 0.7822878228782287, 0.15, 0.85, 0.3248407643312102]
[0.6451297030158839, 0.9039260908870416, 0.7513129274002913, 0.1669631878412953, 0.8330368121587046, 0.3548702969841161]
MSTPClassifierTest#validation_accuracy[Patel's Vehicle_urban[STOP_STREET_NAME]]
0.704
0.7197637130801688
MSTPClassifierTest#validation_precision_recall[Patel's Vehicle_urban[STOP_STREET_NAME]]
[0.704, 1.0, 0.8262910798122065, 0.0, 1.0, 0.296]
[0.7791054852320676, 0.8, 0.671774061568909, 0.2, 0.8, 0.2208945147679325]
HCSSClassifierTest#validation_accuracy[San Francisco cab (Airport <-> Mall)]
0.6551724137931034
0.41078167115902964
HCSSClassifierTest#validation_precision_recall[San Francisco cab (Airport <-> Mall)]
[0.6551724137931034, 1.0, 0.7916666666666666, 0.0, 1.0, 0.3448275862068966]
[1.0, 0.0029411764705882353, 0.005797101449275362, 1.0, 0.0, 0.0]
HCSSClassifierTest#validation_accuracy[Patel's Vehicle_urban[STOP_STREET_NAME]]
0.888
0.928675105485232
HCSSClassifierTest#validation_precision_recall[Patel's Vehicle_urban[STOP_STREET_NAME]]
[0.8775510204081632, 0.9772727272727273, 0.9247311827956989, 0.6756756756756757, 0.32432432432432434, 0.12244897959183673]
[0.9089257626825684, 0.9853198653198654, 0.9454626820579314, 0.7414502164502164, 0.25854978354978353, 0.09107423731743151]
CVTIClassifierTest#validation_accuracy[San Francisco cab (Airport <-> Mall)]
0.6551724137931034
0.37446540880503143
CVTIClassifierTest#validation_precision_recall[San Francisco cab (Airport <-> Mall)]
[0.6551724137931034, 1.0, 0.7916666666666666, 0.0, 1.0, 0.3448275862068966]
[1.0, 0.0, 0.0, 1.0, 0.0, 0.0]
CVTIClassifierTest#validation_accuracy[Patel's Vehicle_urban[STOP_STREET_NAME]]
0.704
0.7200337552742615
CVTIClassifierTest#validation_precision_recall[Patel's Vehicle_urban[STOP_STREET_NAME]]
[0.704, 1.0, 0.8262910798122065, 0.0, 1.0, 0.296]
[0.952, 0.2, 0.17272727272727273, 0.8, 0.2, 0.048]
wDFClassifierTest#validation_accuracy[San Francisco cab (Airport <-> Mall)]
0.9137931034482759
0.8687511230907458
wDFClassifierTest#validation_precision_recall[San Francisco cab (Airport <-> Mall)]
[0.9230769230769231, 0.9473684210526315, 0.935064935064935, 0.85, 0.15000000000000002, 0.07692307692307693]
[0.869042940957387, 0.8979446391268808, 0.8817715103606915, 0.7734031613090965, 0.22659683869090363, 0.13095705904261304]
wDFClassifierTest#validation_accuracy[Patel's Vehicle_urban[STOP_STREET_NAME]]
0.816
0.7886919831223629
wDFClassifierTest#validation_precision_recall[Patel's Vehicle_urban[STOP_STREET_NAME]]
[0.8823529411764706, 0.8522727272727273, 0.8670520231213872, 0.7297297297297297, 0.2702702702702703, 0.11764705882352941]
[0.8511466165413534, 0.85526515492704, 0.8476539491157056, 0.6249579812508874, 0.3750420187491126, 0.1488533834586466]
SWALEClassifierTest#validation_accuracy[San Francisco cab (Airport <-> Mall)]
0.6091954022988506
0.551212938005391
SWALEClassifierTest#validation_precision_recall[San Francisco cab (Airport <-> Mall)]
[0.6796875, 0.7631578947368421, 0.71900826446281, 0.31666666666666665, 0.6833333333333333, 0.3203125]
[0.6283791072315663, 0.6221780390369409, 0.624523025411601, 0.380864400176837, 0.619135599823163, 0.37162089276843374]
SWALEClassifierTest#validation_accuracy[Patel's Vehicle_urban[STOP_STREET_NAME]]
0.984
0.9921350210970464
SWALEClassifierTest#validation_precision_recall[Patel's Vehicle_urban[STOP_STREET_NAME]]
[0.9777777777777777, 1.0, 0.9887640449438202, 0.9459459459459459, 0.05405405405405406, 0.022222222222222223]
[0.9928571428571429, 0.9924420677361854, 0.9926143965747926, 0.9833333333333334, 0.016666666666666673, 0.007142857142857143]
LiuSchneiderClassifierTest#validation_accuracy[San Francisco cab (Airport <-> Mall)]
0.6494252873563219
0.6253908355795149
LiuSchneiderClassifierTest#validation_precision_recall[San Francisco cab (Airport <-> Mall)]
[0.653179190751445, 0.9912280701754386, 0.7874564459930313, 0.0, 1.0, 0.3468208092485549]
[0.6268297236743839, 0.9847280175022111, 0.7650268248582652, 0.02142857142857143, 0.9785714285714286, 0.3731702763256161]
LiuSchneiderClassifierTest#validation_accuracy[Patel's Vehicle_urban[STOP_STREET_NAME]]
0.704
0.7430886075949367
LiuSchneiderClassifierTest#validation_precision_recall[Patel's Vehicle_urban[STOP_STREET_NAME]]
[0.704, 1.0, 0.8262910798122065, 0.0, 1.0, 0.296]
[0.7327137476459511, 0.9442348008385745, 0.8209643552077319, 0.10526315789473684, 0.8947368421052632, 0.267286252354049]
MSMMoveEllipsesClassifierTest#validation_accuracy[San Francisco cab (Airport <-> Mall)]
0.7816091954022989
0.7547169811320755
MSMMoveEllipsesClassifierTest#validation_precision_recall[San Francisco cab (Airport <-> Mall)]
[0.8518518518518519, 0.8070175438596491, 0.8288288288288288, 0.7333333333333333, 0.2666666666666667, 0.14814814814814814]
[0.8354434906732756, 0.7569843423574767, 0.7922182249872879, 0.7451282051282051, 0.25487179487179484, 0.16455650932672436]
MSMMoveEllipsesClassifierTest#validation_accuracy[Patel's Vehicle_urban[STOP_STREET_NAME]]
1.0
0.9920000000000002
MSMMoveEllipsesClassifierTest#validation_precision_recall[Patel's Vehicle_urban[STOP_STREET_NAME]]
[1.0, 1.0, 1.0, 1.0, 0.0, 0.0]
[0.9961538461538462, 1.0, 0.9980582524271846, 0.9916666666666668, 0.008333333333333326, 0.0038461538461538464]
MSMMovePointsClassifierTest#validation_accuracy[San Francisco cab (Airport <-> Mall)]
0.7816091954022989
0.7490386343216532
MSMMovePointsClassifierTest#validation_precision_recall[San Francisco cab (Airport <-> Mall)]
[0.8518518518518519, 0.8070175438596491, 0.8288288288288288, 0.7333333333333333, 0.2666666666666667, 0.14814814814814814]
[0.843873500915208, 0.7557902643542218, 0.7965348237525866, 0.77271865520728, 0.22728134479271994, 0.1561264990847921]
MSMMovePointsClassifierTest#validation_accuracy[Patel's Vehicle_urban[STOP_STREET_NAME]]
1.0
0.9893333333333334
MSMMovePointsClassifierTest#validation_precision_recall[Patel's Vehicle_urban[STOP_STREET_NAME]]
[1.0, 1.0, 1.0, 1.0, 0.0, 0.0]
[0.9924501424501424, 0.9962962962962962, 0.9943545487234807, 0.9833333333333334, 0.016666666666666673, 0.00754985754985755]
DTWaClassifierTest#validation_accuracy[San Francisco cab (Airport <-> Mall)]
0.8103448275862069
0.7852470799640612
DTWaClassifierTest#validation_precision_recall[San Francisco cab (Airport <-> Mall)]
[0.8347107438016529, 0.8859649122807017, 0.8595744680851064, 0.6666666666666666, 0.33333333333333337, 0.1652892561983471]
[0.8285995989304812, 0.8330913212856226, 0.8302778629497707, 0.7130569423252351, 0.28694305767476497, 0.1714004010695187]
DTWaClassifierTest#validation_accuracy[Patel's Vehicle_urban[STOP_STREET_NAME]]
0.664
0.6995105485232067
DTWaClassifierTest#validation_precision_recall[Patel's Vehicle_urban[STOP_STREET_NAME]]
[0.7169811320754716, 0.8636363636363636, 0.7835051546391751, 0.1891891891891892, 0.8108108108108107, 0.2830188679245283]
[0.7402179177244871, 0.9049154549154549, 0.8139542396070374, 0.17758352402745994, 0.8224164759725401, 0.259782082275513]
